
===========================================================================
Traceback (most recent call last):
  File "D:\MAESTRIA - copia\tariff-rag\test_final_validation.py", line 11, in <module>
    print("\u2728 4-TURN LAVADORA CLASSIFICATION FLOW WITH ENHANCED PRUNING & PRESERVATION")
  File "C:\Users\rpaton\AppData\Local\Programs\Python\Python312\Lib\encodings\cp1252.py", line 19, in encode
    return codecs.charmap_encode(input,self.errors,encoding_table)[0]
           ^^^^^^^^^^^^^^^^^^^^^^^^^^^^^^^^^^^^^^^^^^^^^^^^^^^^^^^
UnicodeEncodeError: 'charmap' codec can't encode character '\u2728' in position 0: character maps to <undefined>
